// Jest Snapshot v1, https://goo.gl/fbAQLP

exports[`SeaDayDetail should render correctly 1`] = `
<div
  className="port-detail"
>
  <Row
    tag="div"
    widths={
      Array [
        "xs",
        "sm",
        "md",
        "lg",
        "xl",
        "xxl",
      ]
    }
  >
    <Col
      className="port-detail__name text-primary"
      tag="div"
      widths={
        Array [
          "xs",
          "sm",
          "md",
          "lg",
          "xl",
          "xxl",
        ]
      }
    >
      Day 
      1
      : Sea Day
    </Col>
  </Row>
  <Row
    className="my-2"
    tag="div"
    widths={
      Array [
        "xs",
        "sm",
        "md",
        "lg",
        "xl",
        "xxl",
      ]
    }
  >
    <Col
      md={6}
      tag="div"
      widths={
        Array [
          "xs",
          "sm",
          "md",
          "lg",
          "xl",
          "xxl",
        ]
      }
      xs={6}
    >
      <p
        className="port-detail__label"
      >
        Notes
      </p>
    </Col>
  </Row>
</div>
`;
