// Jest Snapshot v1, https://goo.gl/fbAQLP

exports[`Countdown should render correctly 1`] = `
<div
  className="d-flex align-items-center justify-content-center"
>
  <div>
    <p
      className="h2 m-0"
    >
      0
    </p>
    <p>
      days
    </p>
  </div>
  <div>
    <p
      className="h2 px-3"
    >
      :
    </p>
  </div>
  <div>
    <p
      className="h2 m-0"
    >
      0
    </p>
    <p>
      hours
    </p>
  </div>
  <div>
    <p
      className="h2 px-3"
    >
      :
    </p>
  </div>
  <div>
    <p
      className="h2 m-0"
    >
      0
    </p>
    <p>
      minutes
    </p>
  </div>
  <div>
    <p
      className="h2 px-3"
    >
      :
    </p>
  </div>
  <div>
    <p
      className="h2 m-0"
    >
      0
    </p>
    <p>
      seconds
    </p>
  </div>
</div>
`;
